src/components/layout/app/sidebar/user-profile.tsx(49,22): error TS2551: Property 'avatarUrl' does not exist on type '{ id: string; name: string; email: string; created_at: string; avatar_url?: string | undefined; }'. Did you mean 'avatar_url'?
src/components/layout/app/sidebar/user-profile.tsx(50,40): error TS2551: Property 'avatarUrl' does not exist on type '{ id: string; name: string; email: string; created_at: string; avatar_url?: string | undefined; }'. Did you mean 'avatar_url'?
src/features/tasks/components/task-table/columns.tsx(225,46): error TS2551: Property 'avatarUrl' does not exist on type '{ id: string; name: string; email: string; created_at: string; avatar_url?: string | undefined; }'. Did you mean 'avatar_url'?
src/features/team-members/sample-data.ts(7,5): error TS2561: Object literal may only specify known properties, but 'teamId' does not exist in type '{ id: string; user_id: string; team_id: string; role: "manager" | "member" | "viewer" | "owner"; joined_at?: string | undefined; user?: { id: string; name: string; email: string; created_at: string; avatar_url?: string | undefined; } | undefined; }'. Did you mean to write 'team_id'?
src/features/team-members/sample-data.ts(14,5): error TS2561: Object literal may only specify known properties, but 'teamId' does not exist in type '{ id: string; user_id: string; team_id: string; role: "manager" | "member" | "viewer" | "owner"; joined_at?: string | undefined; user?: { id: string; name: string; email: string; created_at: string; avatar_url?: string | undefined; } | undefined; }'. Did you mean to write 'team_id'?
src/features/teams/sample-data.ts(8,3): error TS2561: Object literal may only specify known properties, but 'avatarUrl' does not exist in type 'TTeam'. Did you mean to write 'avatar_url'?
src/features/users/sample-data.ts(7,3): error TS2561: Object literal may only specify known properties, but 'avatarUrl' does not exist in type '{ id: string; name: string; email: string; created_at: string; avatar_url?: string | undefined; }'. Did you mean to write 'avatar_url'?
src/features/users/sample-data.ts(15,3): error TS2561: Object literal may only specify known properties, but 'avatarUrl' does not exist in type '{ id: string; name: string; email: string; created_at: string; avatar_url?: string | undefined; }'. Did you mean to write 'avatar_url'?
src/features/users/sample-data.ts(23,3): error TS2561: Object literal may only specify known properties, but 'avatarUrl' does not exist in type '{ id: string; name: string; email: string; created_at: string; avatar_url?: string | undefined; }'. Did you mean to write 'avatar_url'?
src/routes/dashboard/projects/$projectId.tsx(67,47): error TS2551: Property 'avatarUrl' does not exist on type '{ id: string; name: string; email: string; created_at: string; avatar_url?: string | undefined; }'. Did you mean 'avatar_url'?
